Server listening on port 8888
New connection...
Received an invalid request: /
Disconnecting socket
Total connected: 0
New connection...
Disconnecting socket
Total connected: 0
New connection...
Disconnecting socket
Total connected: 0
New connection...
Disconnecting socket
Total connected: 0
New connection...
New connection...
Received an invalid request: http://api.ipify.org?Z78763416192Q1
Disconnecting socket
Total connected: 0
Disconnecting socket
Total connected: 0
New connection...
Received an invalid request: /druid/index.html
Disconnecting socket
Total connected: 0
New connection...
Disconnecting socket
Total connected: 0
New connection...
Received an invalid request: /
Disconnecting socket
Total connected: 0
New connection...
Disconnecting socket
Total connected: 0
New connection...
Disconnecting socket
Total connected: 0
New connection...
Disconnecting socket
Total connected: 0
New connection...
Received an invalid request: http://v4.ident.me?Z78763416192Q1
Disconnecting socket
Total connected: 0
New connection...
Disconnecting socket
Total connected: 0
New connection...
Received an invalid request: /
Disconnecting socket
Total connected: 0
